// Jest Snapshot v1, https://goo.gl/fbAQLP

exports[`should match snapshot 1`] = `
<Button
  className=""
  danger={false}
  onClick={[Function]}
>
  <button
    className="bg-indigo-dark hover:bg-indigo-darker text-white font-bold py-2 px-4 rounded-full "
    data-test="button"
    onClick={[Function]}
  >
    <div>
       children 
    </div>
  </button>
</Button>
`;
